show local variables like '%lock%';
              Variable_name              |        Value         
-----------------------------------------+----------------------
 block_encryption_mode                   | aes-128-ecb
 have_backup_locks                       | YES
 innodb_api_disable_rowlock              | OFF
 innodb_autoinc_lock_mode                | 2
 innodb_deadlock_detect                  | ON
 innodb_lock_wait_timeout                | 20
 innodb_old_blocks_pct                   | 37
 innodb_old_blocks_time                  | 1000
 innodb_print_all_deadlocks              | ON
 innodb_print_lock_wait_timeout_info     | OFF
 innodb_show_locks_held                  | 10
 innodb_sleep_wait_for_free_block        | 100
 innodb_status_output_locks              | OFF
 innodb_table_locks                      | ON
 key_cache_block_size                    | 1024
 lock_order                              | OFF
 lock_order_debug_loop                   | OFF
 lock_order_debug_missing_arc            | OFF
 lock_order_debug_missing_key            | OFF
 lock_order_debug_missing_unlock         | OFF
 lock_order_dependencies                 | 
 lock_order_extra_dependencies           | 
 lock_order_output_directory             | 
 lock_order_print_txt                    | OFF
 lock_order_trace_loop                   | OFF
 lock_order_trace_missing_arc            | ON
 lock_order_trace_missing_key            | OFF
 lock_order_trace_missing_unlock         | ON
 lock_wait_timeout                       | 5
 locked_in_memory                        | OFF
 max_write_lock_count                    | 18446744073709551615
 performance_schema_max_metadata_locks   | -1
 performance_schema_max_rwlock_classes   | 70
 performance_schema_max_rwlock_instances | -1
 performance_schema_max_table_lock_stat  | -1
 query_alloc_block_size                  | 16384
 range_alloc_block_size                  | 4096
 skip_external_locking                   | ON
 transaction_alloc_block_size            | 8192
(39 rows)

-- strict: only show variables that can be modified&cached in computing node
show variables like '%lock%' strict;
      Variable_name       | Value 
--------------------------+-------
 innodb_lock_wait_timeout | 20
 lock_wait_timeout        | 5
 query_alloc_block_size   | 16384
 range_alloc_block_size   | 4096
(4 rows)

show global variables like '%lock%';
              Variable_name              |        Value         
-----------------------------------------+----------------------
 block_encryption_mode                   | aes-128-ecb
 have_backup_locks                       | YES
 innodb_api_disable_rowlock              | OFF
 innodb_autoinc_lock_mode                | 2
 innodb_deadlock_detect                  | ON
 innodb_lock_wait_timeout                | 20
 innodb_old_blocks_pct                   | 37
 innodb_old_blocks_time                  | 1000
 innodb_print_all_deadlocks              | ON
 innodb_print_lock_wait_timeout_info     | OFF
 innodb_show_locks_held                  | 10
 innodb_sleep_wait_for_free_block        | 100
 innodb_status_output_locks              | OFF
 innodb_table_locks                      | ON
 key_cache_block_size                    | 1024
 lock_order                              | OFF
 lock_order_debug_loop                   | OFF
 lock_order_debug_missing_arc            | OFF
 lock_order_debug_missing_key            | OFF
 lock_order_debug_missing_unlock         | OFF
 lock_order_dependencies                 | 
 lock_order_extra_dependencies           | 
 lock_order_output_directory             | 
 lock_order_print_txt                    | OFF
 lock_order_trace_loop                   | OFF
 lock_order_trace_missing_arc            | ON
 lock_order_trace_missing_key            | OFF
 lock_order_trace_missing_unlock         | ON
 lock_wait_timeout                       | 5
 locked_in_memory                        | OFF
 max_write_lock_count                    | 18446744073709551615
 performance_schema_max_metadata_locks   | -1
 performance_schema_max_rwlock_classes   | 70
 performance_schema_max_rwlock_instances | -1
 performance_schema_max_table_lock_stat  | -1
 query_alloc_block_size                  | 16384
 range_alloc_block_size                  | 4096
 skip_external_locking                   | ON
 transaction_alloc_block_size            | 8192
(39 rows)

show global variables like '%lock%' strict;
      Variable_name       | Value 
--------------------------+-------
 innodb_lock_wait_timeout | 20
 lock_wait_timeout        | 5
 query_alloc_block_size   | 16384
 range_alloc_block_size   | 4096
(4 rows)

show lock_wait_timeout;
   Variable_name   | Value 
-------------------+-------
 lock_wait_timeout | 5
(1 row)

set global innodb_lock_wait_timeout = 4;
SET
show global variables like 'innodb_lock_wait_timeout' strict;
      Variable_name       | Value 
--------------------------+-------
 innodb_lock_wait_timeout | 4
(1 row)

show session variables like 'innodb_lock_wait_timeout' strict;
      Variable_name       | Value 
--------------------------+-------
 innodb_lock_wait_timeout | 20
(1 row)

set session innodb_lock_wait_timeout = 3;
SET
show session variables like 'innodb_lock_wait_timeout' strict;
      Variable_name       | Value 
--------------------------+-------
 innodb_lock_wait_timeout | 3
(1 row)

show global variables like 'innodb_lock_wait_timeout' strict;
      Variable_name       | Value 
--------------------------+-------
 innodb_lock_wait_timeout | 4
(1 row)

set innodb_lock_wait_timeout = 2;
SET
show session variables like 'innodb_lock_wait_timeout' strict;
      Variable_name       | Value 
--------------------------+-------
 innodb_lock_wait_timeout | 2
(1 row)

show global variables like 'innodb_lock_wait_timeout' strict;
      Variable_name       | Value 
--------------------------+-------
 innodb_lock_wait_timeout | 4
(1 row)

set local innodb_lock_wait_timeout = 1;
psql:sql/kunlun_vars.sql:20: WARNING:  SET LOCAL can only be used in transaction blocks
SET
show session variables like 'innodb_lock_wait_timeout' strict;
      Variable_name       | Value 
--------------------------+-------
 innodb_lock_wait_timeout | 1
(1 row)

show global variables like 'innodb_lock_wait_timeout' strict;
      Variable_name       | Value 
--------------------------+-------
 innodb_lock_wait_timeout | 4
(1 row)

set persist innodb_lock_wait_timeout = 9;
SET
show session variables like 'innodb_lock_wait_timeout' strict;
      Variable_name       | Value 
--------------------------+-------
 innodb_lock_wait_timeout | 1
(1 row)

show global variables like 'innodb_lock_wait_timeout' strict;
      Variable_name       | Value 
--------------------------+-------
 innodb_lock_wait_timeout | 9
(1 row)

set persist_only innodb_lock_wait_timeout = 11;
SET
show session variables like 'innodb_lock_wait_timeout' strict;
      Variable_name       | Value 
--------------------------+-------
 innodb_lock_wait_timeout | 1
(1 row)

show global variables like 'innodb_lock_wait_timeout' strict;
      Variable_name       | Value 
--------------------------+-------
 innodb_lock_wait_timeout | 9
(1 row)

set shard global innodb_lock_wait_timeout = 4;
SET
show global variables like 'innodb_lock_wait_timeout' strict;
      Variable_name       | Value 
--------------------------+-------
 innodb_lock_wait_timeout | 4
(1 row)

show session variables like 'innodb_lock_wait_timeout' strict;
      Variable_name       | Value 
--------------------------+-------
 innodb_lock_wait_timeout | 1
(1 row)

set shard session innodb_lock_wait_timeout = 3;
SET
show session variables like 'innodb_lock_wait_timeout' strict;
      Variable_name       | Value 
--------------------------+-------
 innodb_lock_wait_timeout | 3
(1 row)

show global variables like 'innodb_lock_wait_timeout' strict;
      Variable_name       | Value 
--------------------------+-------
 innodb_lock_wait_timeout | 4
(1 row)

set shard local innodb_lock_wait_timeout = 1;
SET
show session variables like 'innodb_lock_wait_timeout' strict;
      Variable_name       | Value 
--------------------------+-------
 innodb_lock_wait_timeout | 1
(1 row)

show global variables like 'innodb_lock_wait_timeout' strict;
      Variable_name       | Value 
--------------------------+-------
 innodb_lock_wait_timeout | 4
(1 row)

set shard persist innodb_lock_wait_timeout = 9;
SET
show session variables like 'innodb_lock_wait_timeout' strict;
      Variable_name       | Value 
--------------------------+-------
 innodb_lock_wait_timeout | 1
(1 row)

show global variables like 'innodb_lock_wait_timeout' strict;
      Variable_name       | Value 
--------------------------+-------
 innodb_lock_wait_timeout | 9
(1 row)

set shard persist_only innodb_lock_wait_timeout = 11;
SET
show session variables like 'innodb_lock_wait_timeout' strict;
      Variable_name       | Value 
--------------------------+-------
 innodb_lock_wait_timeout | 1
(1 row)

show global variables like 'innodb_lock_wait_timeout' strict;
      Variable_name       | Value 
--------------------------+-------
 innodb_lock_wait_timeout | 9
(1 row)

set innodb_lock_wait_timeout = 1;
SET
set @@global.innodb_lock_wait_timeout = 4;
SET
show global variables like 'innodb_lock_wait_timeout';
      Variable_name       | Value 
--------------------------+-------
 innodb_lock_wait_timeout | 4
(1 row)

show session variables like 'innodb_lock_wait_timeout' strict;
      Variable_name       | Value 
--------------------------+-------
 innodb_lock_wait_timeout | 1
(1 row)

set @@session.innodb_lock_wait_timeout = 3;
SET
show variables like 'innodb_lock_wait_timeout';
      Variable_name       | Value 
--------------------------+-------
 innodb_lock_wait_timeout | 3
(1 row)

show global variables like 'innodb_lock_wait_timeout';
      Variable_name       | Value 
--------------------------+-------
 innodb_lock_wait_timeout | 4
(1 row)

set @@innodb_lock_wait_timeout = 2;
SET
show session variables like 'innodb_lock_wait_timeout';
      Variable_name       | Value 
--------------------------+-------
 innodb_lock_wait_timeout | 2
(1 row)

show global variables like 'innodb_lock_wait_timeout';
      Variable_name       | Value 
--------------------------+-------
 innodb_lock_wait_timeout | 4
(1 row)

set @@local.innodb_lock_wait_timeout = 1;
SET
show local variables like 'innodb_lock_wait_timeout';
      Variable_name       | Value 
--------------------------+-------
 innodb_lock_wait_timeout | 1
(1 row)

show global variables like 'innodb_lock_wait_timeout';
      Variable_name       | Value 
--------------------------+-------
 innodb_lock_wait_timeout | 4
(1 row)

set @@local.innodb_lock_wait_timeout = 5;
SET
set @@persist.innodb_lock_wait_timeout = 9;
SET
show local variables like 'innodb_lock_wait_timeout' strict;
      Variable_name       | Value 
--------------------------+-------
 innodb_lock_wait_timeout | 5
(1 row)

show global variables like 'innodb_lock_wait_timeout';
      Variable_name       | Value 
--------------------------+-------
 innodb_lock_wait_timeout | 9
(1 row)

set @@persist_only.innodb_lock_wait_timeout = 11;
SET
show innodb_lock_wait_timeout;
      Variable_name       | Value 
--------------------------+-------
 innodb_lock_wait_timeout | 5
(1 row)

show global variables like 'innodb_lock_wait_timeout';
      Variable_name       | Value 
--------------------------+-------
 innodb_lock_wait_timeout | 9
(1 row)

show persist variables like 'innodb_lock_wait_timeout' strict;
psql:sql/kunlun_vars.sql:78: ERROR:  In 'SHOW scope VARIABLES' stmt, scope can only be SESSION or GLOBAL
show persist_only variables like 'innodb_lock_wait_timeout' strict;
psql:sql/kunlun_vars.sql:79: ERROR:  In 'SHOW scope VARIABLES' stmt, scope can only be SESSION or GLOBAL
-- bug 139 set [shard][@@]global/session/local/persist/persist_only varname=value come to nothing 
set @@local.innodb_lock_wait_timeout = 5;
SET
set @@persist.innodb_lock_wait_timeout = 9;
SET
set @@session.innodb_lock_wait_timeout = 3;
SET
set @@global.innodb_lock_wait_timeout = 4;
SET
set persist innodb_lock_wait_timeout = 11;
SET
set shard persist innodb_lock_wait_timeout = 11;
SET
create table tt(a int primary key, b int) partition by list(a);
CREATE TABLE
create table tt1 partition of tt for values in (1);
CREATE TABLE
create table tt2 partition of tt for values in (2);
CREATE TABLE
create table tt3 partition of tt for values in (3);
CREATE TABLE
create table tt4 partition of tt for values in (4);
CREATE TABLE
insert into tt values(1,1),(2,2),(3,3),(4,4);
INSERT 0 4
set session debug='+d,crash_before_flush_binlog';
psql:sql/kunlun_vars.sql:96: ERROR:  Kunlun-db: MySQL storage node (1, 1) returned error: 1193, Unknown system variable 'debug'.
-- connection breaks
update tt set b=b+1;
UPDATE 4
-- cached value (innodb_lock_wait_timeout=5) should be set.
-- manual test also show that the var cache&restore feature works alright. -- dzw
select pg_sleep(3);
 pg_sleep 
----------
 
(1 row)

select*from tt;
 a | b 
---+---
 1 | 2
 2 | 3
 3 | 4
 4 | 5
(4 rows)

select pg_sleep(5);
 pg_sleep 
----------
 
(1 row)

select*from tt;
 a | b 
---+---
 1 | 2
 2 | 3
 3 | 4
 4 | 5
(4 rows)

select pg_sleep(7);
 pg_sleep 
----------
 
(1 row)

select*from tt;
 a | b 
---+---
 1 | 2
 2 | 3
 3 | 4
 4 | 5
(4 rows)

show innodb_lock_wait_timeout;
      Variable_name       | Value 
--------------------------+-------
 innodb_lock_wait_timeout | 3
(1 row)

show local variables like 'innodb_lock_wait_timeout';
      Variable_name       | Value 
--------------------------+-------
 innodb_lock_wait_timeout | 3
(1 row)

-- show variables like 'debug';
-- show session variables like '%debug%';
show global variables like 'innodb_lock_wait_timeout' strict;
      Variable_name       | Value 
--------------------------+-------
 innodb_lock_wait_timeout | 11
(1 row)

-- show variables;
-- show variables strict;
-- show global variables;
show global variables strict;
           Variable_name           |                                                                                                                                                                                                                                                                                               Value                                                                                                                                                                                                                                                                                               
-----------------------------------+---------------------------------------------------------------------------------------------------------------------------------------------------------------------------------------------------------------------------------------------------------------------------------------------------------------------------------------------------------------------------------------------------------------------------------------------------------------------------------------------------------------------------------------------------------------------------------------------------
 auto_increment_increment          | 1
 auto_increment_offset             | 1
 autocommit                        | ON
 big_tables                        | OFF
 binlog_format                     | ROW
 binlog_row_image                  | FULL
 binlog_row_value_options          | PARTIAL_JSON
 binlog_rows_query_log_events      | ON
 binlog_stmt_cache_size            | 32768
 bulk_insert_buffer_size           | 8388608
 character_set_client              | utf8mb4
 character_set_filesystem          | binary
 character_set_results             | utf8mb4
 collation_connection              | utf8mb4_0900_as_cs
 collation_database                | utf8mb4_0900_as_cs
 collation_server                  | utf8mb4_0900_as_cs
 completion_type                   | NO_CHAIN
 cte_max_recursion_depth           | 1000
 default_collation_for_utf8mb4     | utf8mb4_0900_ai_ci
 default_week_format               | 0
 end_markers_in_json               | OFF
 eq_range_index_dive_limit         | 200
 expand_fast_index_creation        | OFF
 explicit_defaults_for_timestamp   | ON
 ft_query_extra_word_chars         | OFF
 general_log                       | OFF
 group_concat_max_len              | 1024
 group_replication_consistency     | EVENTUAL
 histogram_generation_max_mem_size | 20000000
 information_schema_stats_expiry   | 86400
 innodb_buffer_pool_size           | 2147483648
 innodb_change_buffer_max_size     | 25
 innodb_lock_wait_timeout          | 11
 internal_tmp_mem_storage_engine   | TempTable
 keep_files_on_create              | OFF
 lc_messages                       | en_US
 lc_time_names                     | en_US
 lock_wait_timeout                 | 5
 log_slow_filter                   | 
 log_slow_rate_limit               | 1
 log_slow_verbosity                | 
 long_query_time                   | 10.000000
 low_priority_updates              | OFF
 max_allowed_packet                | 1073741824
 max_error_count                   | 1024
 max_execution_time                | 0
 max_heap_table_size               | 33554432
 max_insert_delayed_threads        | 20
 max_join_size                     | 18446744073709551615
 max_length_for_sort_data          | 4096
 max_points_in_geometry            | 65536
 max_seeks_for_key                 | 18446744073709551615
 max_sort_length                   | 1024
 max_sp_recursion_depth            | 0
 max_user_connections              | 0
 min_examined_row_limit            | 0
 net_buffer_length                 | 16384
 net_read_timeout                  | 150
 net_retry_count                   | 10
 net_write_timeout                 | 300
 old_alter_table                   | OFF
 optimizer_prune_level             | 1
 optimizer_search_depth            | 62
 optimizer_switch                  | index_merge=on,index_merge_union=on,index_merge_sort_union=on,index_merge_intersection=on,engine_condition_pushdown=on,index_condition_pushdown=on,mrr=on,mrr_cost_based=on,block_nested_loop=on,batched_key_access=off,materialization=on,semijoin=on,loosescan=on,firstmatch=on,duplicateweedout=on,subquery_materialization_cost_based=on,use_index_extensions=on,condition_fanout_filter=on,derived_merge=on,use_invisible_indexes=off,skip_scan=on,hash_join=on,subquery_to_derived=off,prefer_ordering_index=on,hypergraph_optimizer=off,derived_condition_pushdown=on,favor_range_scan=off
 optimizer_trace                   | enabled=off,one_line=off
 optimizer_trace_features          | greedy_search=on,range_optimizer=on,dynamic_range=on,repeated_subselect=on
 optimizer_trace_limit             | 1
 optimizer_trace_max_mem_size      | 1048576
 optimizer_trace_offset            | -1
 parser_max_mem_size               | 18446744073709551615
 profiling_history_size            | 15
 query_alloc_block_size            | 16384
 query_prealloc_size               | 24576
 range_alloc_block_size            | 4096
 range_optimizer_max_mem_size      | 8388608
 rbr_exec_mode                     | STRICT
 session_track_gtids               | OFF
 session_track_schema              | ON
 session_track_state_change        | OFF
 session_track_transaction_info    | OFF
 show_create_table_verbosity       | OFF
 show_old_temporals                | OFF
 slow_query_log                    | ON
 sql_mode                          | STRICT_TRANS_TABLES,NO_ENGINE_SUBSTITUTION
 sql_quote_show_create             | ON
 sql_require_primary_key           | OFF
 ssl_fips_mode                     | OFF
 time_zone                         | SYSTEM
 tmp_table_size                    | 33554432
 transaction_isolation             | READ-COMMITTED
 transaction_read_only             | OFF
 transaction_write_set_extraction  | XXHASH64
 tx_isolation                      | READ-COMMITTED
 tx_read_only                      | OFF
 updatable_views_with_limit        | YES
 windowing_use_high_precision      | ON
(96 rows)

drop table if exists tt;
DROP TABLE
drop table if exists tt;
psql:sql/kunlun_vars.sql:118: NOTICE:  table "tt" does not exist, skipping
DROP TABLE
drop table if exists tt;
psql:sql/kunlun_vars.sql:119: NOTICE:  table "tt" does not exist, skipping
DROP TABLE
