--
-- SUBSELECT
--
SELECT 1 AS one WHERE 1 IN (SELECT 1);
 one 
-----
   1
(1 row)

SELECT 1 AS zero WHERE 1 NOT IN (SELECT 1);
 zero 
------
(0 rows)

SELECT 1 AS zero WHERE 1 IN (SELECT 2);
 zero 
------
(0 rows)

-- Check grammar's handling of extra parens in assorted contexts
SELECT * FROM (SELECT 1 AS x) ss;
 x 
---
 1
(1 row)

SELECT * FROM ((SELECT 1 AS x)) ss;
 x 
---
 1
(1 row)

(SELECT 2) UNION SELECT 2;
 ?column? 
----------
        2
(1 row)

((SELECT 2)) UNION SELECT 2;
 ?column? 
----------
        2
(1 row)

SELECT ((SELECT 2) UNION SELECT 2);
 ?column? 
----------
        2
(1 row)

SELECT (((SELECT 2)) UNION SELECT 2);
 ?column? 
----------
        2
(1 row)

SELECT (SELECT ARRAY[1,2,3])[1];
 array 
-------
     1
(1 row)

SELECT ((SELECT ARRAY[1,2,3]))[2];
 array 
-------
     2
(1 row)

SELECT (((SELECT ARRAY[1,2,3])))[3];
 array 
-------
     3
(1 row)

-- Set up some simple test tables
DROP TABLE if exists SUBSELECT_TBL;
psql:sql/subselect.sql:27: NOTICE:  table "subselect_tbl" does not exist, skipping
DROP TABLE
CREATE TABLE SUBSELECT_TBL (
  f1 integer,
  f2 integer,
  f3 float
);
CREATE TABLE
INSERT INTO SUBSELECT_TBL VALUES (1, 2, 3);
INSERT 0 1
INSERT INTO SUBSELECT_TBL VALUES (2, 3, 4);
INSERT 0 1
INSERT INTO SUBSELECT_TBL VALUES (3, 4, 5);
INSERT 0 1
INSERT INTO SUBSELECT_TBL VALUES (1, 1, 1);
INSERT 0 1
INSERT INTO SUBSELECT_TBL VALUES (2, 2, 2);
INSERT 0 1
INSERT INTO SUBSELECT_TBL VALUES (3, 3, 3);
INSERT 0 1
INSERT INTO SUBSELECT_TBL VALUES (6, 7, 8);
INSERT 0 1
INSERT INTO SUBSELECT_TBL VALUES (8, 9, NULL);
INSERT 0 1
SELECT '' AS eight, * FROM SUBSELECT_TBL;
 eight | f1 | f2 | f3 
-------+----+----+----
       |  1 |  2 |  3
       |  2 |  3 |  4
       |  3 |  4 |  5
       |  1 |  1 |  1
       |  2 |  2 |  2
       |  3 |  3 |  3
       |  6 |  7 |  8
       |  8 |  9 |   
(8 rows)

-- Uncorrelated subselects
SELECT '' AS two, f1 AS "Constant Select" FROM SUBSELECT_TBL
  WHERE f1 IN (SELECT 1);
 two | Constant Select 
-----+-----------------
     |               1
     |               1
(2 rows)

SELECT '' AS six, f1 AS "Uncorrelated Field" FROM SUBSELECT_TBL
  WHERE f1 IN (SELECT f2 FROM SUBSELECT_TBL);
 six | Uncorrelated Field 
-----+--------------------
     |                  1
     |                  2
     |                  3
     |                  1
     |                  2
     |                  3
(6 rows)

SELECT '' AS six, f1 AS "Uncorrelated Field" FROM SUBSELECT_TBL
  WHERE f1 IN (SELECT f2 FROM SUBSELECT_TBL WHERE
    f2 IN (SELECT f1 FROM SUBSELECT_TBL));
 six | Uncorrelated Field 
-----+--------------------
     |                  1
     |                  2
     |                  3
     |                  1
     |                  2
     |                  3
(6 rows)

SELECT '' AS three, f1, f2
  FROM SUBSELECT_TBL
  WHERE (f1, f2) NOT IN (SELECT f2, CAST(f3 AS int4) FROM SUBSELECT_TBL
                         WHERE f3 IS NOT NULL);
 three | f1 | f2 
-------+----+----
       |  1 |  2
       |  6 |  7
       |  8 |  9
(3 rows)

-- Correlated subselects
SELECT '' AS six, f1 AS "Correlated Field", f2 AS "Second Field"
  FROM SUBSELECT_TBL upper
  WHERE f1 IN (SELECT f2 FROM SUBSELECT_TBL WHERE f1 = upper.f1);
 six | Correlated Field | Second Field 
-----+------------------+--------------
     |                1 |            2
     |                2 |            3
     |                3 |            4
     |                1 |            1
     |                2 |            2
     |                3 |            3
(6 rows)

SELECT '' AS six, f1 AS "Correlated Field", f3 AS "Second Field"
  FROM SUBSELECT_TBL upper
  WHERE f1 IN
    (SELECT f2 FROM SUBSELECT_TBL WHERE CAST(upper.f2 AS float) = f3);
 six | Correlated Field | Second Field 
-----+------------------+--------------
     |                2 |            4
     |                3 |            5
     |                1 |            1
     |                2 |            2
     |                3 |            3
(5 rows)

SELECT '' AS six, f1 AS "Correlated Field", f3 AS "Second Field"
  FROM SUBSELECT_TBL upper
  WHERE f3 IN (SELECT upper.f1 + f2 FROM SUBSELECT_TBL
               WHERE f2 = CAST(f3 AS integer));
 six | Correlated Field | Second Field 
-----+------------------+--------------
     |                1 |            3
     |                2 |            4
     |                3 |            5
     |                6 |            8
(4 rows)

SELECT '' AS five, f1 AS "Correlated Field"
  FROM SUBSELECT_TBL
  WHERE (f1, f2) IN (SELECT f2, CAST(f3 AS int4) FROM SUBSELECT_TBL
                     WHERE f3 IS NOT NULL);
 five | Correlated Field 
------+------------------
      |                2
      |                3
      |                1
      |                2
      |                3
(5 rows)

--
-- Use some existing tables in the regression test
--
SELECT '' AS eight, ss.f1 AS "Correlated Field", ss.f3 AS "Second Field"
  FROM SUBSELECT_TBL ss
  WHERE f1 NOT IN (SELECT f1+1 FROM INT4_TBL
                   WHERE f1 != ss.f1 AND f1 < 2147483647);
 eight | Correlated Field | Second Field 
-------+------------------+--------------
       |                2 |            4
       |                3 |            5
       |                2 |            2
       |                3 |            3
       |                6 |            8
       |                8 |             
(6 rows)

select q1, float8(count(*)) / (select count(*) from int8_tbl)
from int8_tbl group by q1 order by q1;
        q1        | ?column? 
------------------+----------
              123 |      0.4
 4567890123456789 |      0.6
(2 rows)

-- Unspecified-type literals in output columns should resolve as text
SELECT *, pg_typeof(f1) FROM
  (SELECT 'foo' AS f1 FROM generate_series(1,3)) ss ORDER BY 1;
 f1  | pg_typeof 
-----+-----------
 foo | text
 foo | text
 foo | text
(3 rows)

-- ... unless there's context to suggest differently
explain (verbose, costs off) select '42' union all select '43';

explain (verbose, costs off) select '42' union all select 43;

-- check materialization of an initplan reference (bug #14524)
explain (verbose, costs off)
select 1 = all (select (select 1));

select 1 = all (select (select 1));
 ?column? 
----------
 t
(1 row)

--
-- Check EXISTS simplification with LIMIT
--
explain (costs off)
select * from int4_tbl o where exists
  (select 1 from int4_tbl i where i.f1=o.f1 limit null);

explain (costs off)
select * from int4_tbl o where not exists
  (select 1 from int4_tbl i where i.f1=o.f1 limit 1);

explain (costs off)
select * from int4_tbl o where exists
  (select 1 from int4_tbl i where i.f1=o.f1 limit 0);

--
-- Test cases to catch unpleasant interactions between IN-join processing
-- and subquery pullup.
--
select count(*) from
  (select 1 from tenk1 a
   where unique1 IN (select hundred from tenk1 b)) ss;
 count 
-------
   100
(1 row)

select count(distinct ss.ten) from
  (select ten from tenk1 a
   where unique1 IN (select hundred from tenk1 b)) ss;
 count 
-------
    10
(1 row)

select count(*) from
  (select 1 from tenk1 a
   where unique1 IN (select distinct hundred from tenk1 b)) ss;
 count 
-------
   100
(1 row)

select count(distinct ss.ten) from
  (select ten from tenk1 a
   where unique1 IN (select distinct hundred from tenk1 b)) ss;
 count 
-------
    10
(1 row)

--
-- Test cases to check for overenthusiastic optimization of
-- "IN (SELECT DISTINCT ...)" and related cases.  Per example from
-- Luca Pireddu and Michael Fuhr.
--
CREATE TEMP TABLE foo (id integer);
CREATE TABLE
CREATE TEMP TABLE bar (id1 integer, id2 integer);
CREATE TABLE
INSERT INTO foo VALUES (1);
INSERT 0 1
INSERT INTO bar VALUES (1, 1);
INSERT 0 1
INSERT INTO bar VALUES (2, 2);
INSERT 0 1
INSERT INTO bar VALUES (3, 1);
INSERT 0 1
-- These cases require an extra level of distinct-ing above subquery s
SELECT * FROM foo WHERE id IN
    (SELECT id2 FROM (SELECT DISTINCT id1, id2 FROM bar) AS s);
 id 
----
  1
(1 row)

SELECT * FROM foo WHERE id IN
    (SELECT id2 FROM (SELECT id1,id2 FROM bar GROUP BY id1,id2) AS s);
 id 
----
  1
(1 row)

SELECT * FROM foo WHERE id IN
    (SELECT id2 FROM (SELECT id1, id2 FROM bar UNION
                      SELECT id1, id2 FROM bar) AS s);
 id 
----
  1
(1 row)

-- These cases do not
SELECT * FROM foo WHERE id IN
    (SELECT id2 FROM (SELECT DISTINCT ON (id2) id1, id2 FROM bar) AS s);
 id 
----
  1
(1 row)

SELECT * FROM foo WHERE id IN
    (SELECT id2 FROM (SELECT id2 FROM bar GROUP BY id2) AS s);
 id 
----
  1
(1 row)

SELECT * FROM foo WHERE id IN
    (SELECT id2 FROM (SELECT id2 FROM bar UNION
                      SELECT id2 FROM bar) AS s);
 id 
----
  1
(1 row)

--
-- Test case to catch problems with multiply nested sub-SELECTs not getting
-- recalculated properly.  Per bug report from Didier Moens.
--
DROP TABLE if exists orderstest;
psql:sql/subselect.sql:179: NOTICE:  table "orderstest" does not exist, skipping
DROP TABLE
CREATE TABLE orderstest (
    approver_ref integer,
    po_ref integer,
    ordercanceled boolean
);
CREATE TABLE
INSERT INTO orderstest VALUES (1, 1, false);
INSERT 0 1
INSERT INTO orderstest VALUES (66, 5, false);
INSERT 0 1
INSERT INTO orderstest VALUES (66, 6, false);
INSERT 0 1
INSERT INTO orderstest VALUES (66, 7, false);
INSERT 0 1
INSERT INTO orderstest VALUES (66, 1, true);
INSERT 0 1
INSERT INTO orderstest VALUES (66, 8, false);
INSERT 0 1
INSERT INTO orderstest VALUES (66, 1, false);
INSERT 0 1
INSERT INTO orderstest VALUES (77, 1, false);
INSERT 0 1
INSERT INTO orderstest VALUES (1, 1, false);
INSERT 0 1
INSERT INTO orderstest VALUES (66, 1, false);
INSERT 0 1
INSERT INTO orderstest VALUES (1, 1, false);
INSERT 0 1
CREATE VIEW orders_view AS
SELECT *,
(SELECT CASE
   WHEN ord.approver_ref=1 THEN '---' ELSE 'Approved'
 END) AS "Approved",
(SELECT CASE
 WHEN ord.ordercanceled
 THEN 'Canceled'
 ELSE
  (SELECT CASE
		WHEN ord.po_ref=1
		THEN
		 (SELECT CASE
				WHEN ord.approver_ref=1
				THEN '---'
				ELSE 'Approved'
			END)
		ELSE 'PO'
	END)
END) AS "Status",
(CASE
 WHEN ord.ordercanceled
 THEN 'Canceled'
 ELSE
  (CASE
		WHEN ord.po_ref=1
		THEN
		 (CASE
				WHEN ord.approver_ref=1
				THEN '---'
				ELSE 'Approved'
			END)
		ELSE 'PO'
	END)
END) AS "Status_OK"
FROM orderstest ord;
CREATE VIEW
SELECT * FROM orders_view;
 approver_ref | po_ref | ordercanceled | Approved |  Status  | Status_OK 
--------------+--------+---------------+----------+----------+-----------
            1 |      1 | f             | ---      | ---      | ---
           66 |      5 | f             | Approved | PO       | PO
           66 |      6 | f             | Approved | PO       | PO
           66 |      7 | f             | Approved | PO       | PO
           66 |      1 | t             | Approved | Canceled | Canceled
           66 |      8 | f             | Approved | PO       | PO
           66 |      1 | f             | Approved | Approved | Approved
           77 |      1 | f             | Approved | Approved | Approved
            1 |      1 | f             | ---      | ---      | ---
           66 |      1 | f             | Approved | Approved | Approved
            1 |      1 | f             | ---      | ---      | ---
(11 rows)

DROP TABLE orderstest cascade;
psql:sql/subselect.sql:237: NOTICE:  drop cascades to view orders_view
DROP TABLE
--
-- Test cases to catch situations where rule rewriter fails to propagate
-- hasSubLinks flag correctly.  Per example from Kyle Bateman.
--
create temp table parts (
    partnum     text,
    cost        float8
);
CREATE TABLE
create temp table shipped (
    ttype       char(2),
    ordnum      int4,
    partnum     text,
    value       float8
);
CREATE TABLE
create temp view shipped_view as
    select * from shipped where ttype = 'wt';
CREATE VIEW
insert into parts (partnum, cost) values (1, 1234.56);
INSERT 0 1
insert into shipped_view (ordnum, partnum, value)
    values (0, 1, (select cost from parts where partnum = '1'));
INSERT 0 1
select * from shipped_view;
 ttype | ordnum | partnum | value 
-------+--------+---------+-------
(0 rows)

--update shipped_view set value = 11
--    from int4_tbl a join int4_tbl b
--      on (a.f1 = (select f1 from int4_tbl c where c.f1=b.f1))
--    where ordnum = a.f1;
-- select * from shipped_view;
select f1, ss1 as relabel from
    (select *, (select sum(f1) from int4_tbl b where f1 >= a.f1) as ss1
     from int4_tbl a) ss;
     f1      |  relabel   
-------------+------------
           0 | 2147607103
      123456 | 2147607103
     -123456 | 2147483647
  2147483647 | 2147483647
 -2147483647 |          0
(5 rows)

--
-- Test cases involving PARAM_EXEC parameters and min/max index optimizations.
-- Per bug report from David Sanchez i Gregori.
--
select * from (
  select max(unique1) from tenk1 as a
  where exists (select 1 from tenk1 as b where b.thousand = a.unique2)
) ss;
 max  
------
 9997
(1 row)

select * from (
  select min(unique1) from tenk1 as a
  where not exists (select 1 from tenk1 as b where b.unique2 = 10000)
) ss;
 min 
-----
   0
(1 row)

--
-- Test that an IN implemented using a UniquePath does unique-ification
-- with the right semantics, as per bug #4113.  (Unfortunately we have
-- no simple way to ensure that this test case actually chooses that type
-- of plan, but it does in releases 7.4-8.3.  Note that an ordering difference
-- here might mean that some other plan type is being used, rendering the test
-- pointless.)
--
create temp table numeric_table (num_col numeric);
CREATE TABLE
insert into numeric_table values (1), (1.000000000000000000001), (2), (3);
INSERT 0 4
create temp table float_table (float_col float8);
CREATE TABLE
insert into float_table values (1), (2), (3);
INSERT 0 3
select * from float_table
  where float_col in (select num_col from numeric_table);
 float_col 
-----------
         1
         2
         3
(3 rows)

select * from numeric_table
  where num_col in (select float_col from float_table);
         num_col         
-------------------------
                       1
 1.000000000000000000001
                       2
                       3
(4 rows)

--
-- Test case for bug #4290: bogus calculation of subplan param sets
--
create temp table ta (id int primary key, val int);
CREATE TABLE
insert into ta values(1,1);
INSERT 0 1
insert into ta values(2,2);
INSERT 0 1
create temp table tb (id int primary key, aval int);
CREATE TABLE
insert into tb values(1,1);
INSERT 0 1
insert into tb values(2,1);
INSERT 0 1
insert into tb values(3,2);
INSERT 0 1
insert into tb values(4,2);
INSERT 0 1
create temp table tc (id int primary key, aid int);
CREATE TABLE
insert into tc values(1,1);
INSERT 0 1
insert into tc values(2,2);
INSERT 0 1
select
  ( select min(tb.id) from tb
    where tb.aval = (select ta.val from ta where ta.id = tc.aid) ) as min_tb_id
from tc;
 min_tb_id 
-----------
         1
         3
(2 rows)

--
-- Test case for 8.3 "failed to locate grouping columns" bug
--
create temp table t1 (f1 numeric(14,0), f2 varchar(30));
CREATE TABLE
select * from
  (select distinct f1, f2, (select f2 from t1 x where x.f1 = up.f1) as fs
   from t1 up) ss
group by f1,f2,fs;
 f1 | f2 | fs 
----+----+----
(0 rows)

--
-- Test case for bug #5514 (mishandling of whole-row Vars in subselects)
--
create temp table table_a(id integer);
CREATE TABLE
insert into table_a values (42);
INSERT 0 1
create temp view view_a as select * from table_a;
CREATE VIEW
select view_a from view_a;
 view_a 
--------
 (42)
(1 row)

select (select view_a) from view_a;
 view_a 
--------
 (42)
(1 row)

select (select (select view_a)) from view_a;
 view_a 
--------
 (42)
(1 row)

select (select (a.*)::text) from view_a a;
  a   
------
 (42)
(1 row)

--
-- Check that whole-row Vars reading the result of a subselect don't include
-- any junk columns therein
--
select q from (select max(f1) from int4_tbl group by f1 order by f1) q;
       q       
---------------
 (-2147483647)
 (-123456)
 (0)
 (123456)
 (2147483647)
(5 rows)

with q as (select max(f1) from int4_tbl group by f1 order by f1)
  select q from q;
       q       
---------------
 (-2147483647)
 (-123456)
 (0)
 (123456)
 (2147483647)
(5 rows)

--
-- Test case for sublinks pulled up into joinaliasvars lists in an
-- inherited update/delete query
--
--
-- Test case for sublinks pushed down into subselects via join alias expansion
--
select
  (select sq1) as qq1
from
  (select exists(select 1 from int4_tbl where f1 = q2) as sq1, 42 as dummy
   from int8_tbl) sq0
  join
  int4_tbl i4 on dummy = i4.f1;
 qq1 
-----
(0 rows)

--
-- Test case for subselect within UPDATE of INSERT...ON CONFLICT DO UPDATE
--
create temp table upsert(key int4 primary key, val text);
CREATE TABLE
insert into upsert values(1, 'val') on conflict (key) do update set val = 'not seen';
INSERT 0 1
insert into upsert values(1, 'val') on conflict (key) do update set val = 'seen with subselect ' || (select f1 from int4_tbl where f1 != 0 limit 1)::text;
INSERT 0 1
select * from upsert;
 key |            val             
-----+----------------------------
   1 | seen with subselect 123456
(1 row)

with aa as (select 'int4_tbl' u from int4_tbl limit 1)
insert into upsert values (1, 'x'), (999, 'y')
on conflict (key) do update set val = (select u from aa)
returning *;
 key |   val    
-----+----------
   1 | int4_tbl
 999 | y
(2 rows)

INSERT 0 2
--
-- Test case for cross-type partial matching in hashed subplan (bug #7597)
--
create temp table outer_7597 (f1 int4, f2 int4);
CREATE TABLE
insert into outer_7597 values (0, 0);
INSERT 0 1
insert into outer_7597 values (1, 0);
INSERT 0 1
insert into outer_7597 values (0, null);
INSERT 0 1
insert into outer_7597 values (1, null);
INSERT 0 1
create temp table inner_7597(c1 int8, c2 int8);
CREATE TABLE
insert into inner_7597 values(0, null);
INSERT 0 1
select * from outer_7597 where (f1, f2) not in (select * from inner_7597);
 f1 | f2 
----+----
  1 |  0
  1 |   
(2 rows)

--
-- Another test case for cross-type hashed subplans: comparison of
-- inner-side values must be done with appropriate operator
--
explain (verbose, costs off)
select 'foo'::text in (select 'bar'::name union all select 'bar'::name);

select 'foo'::text in (select 'bar'::name union all select 'bar'::name);
 ?column? 
----------
 f
(1 row)

--
-- Test case for premature memory release during hashing of subplan output
--
select '1'::text in (select '1'::name union all select '1'::name);
 ?column? 
----------
 t
(1 row)

--
-- Test case for planner bug with nested EXISTS handling
--
set enable_nestloop =off;
SET
select a.thousand from tenk1 a, tenk1 b
where a.thousand = b.thousand
  and exists ( select 1 from tenk1 c where b.hundred = c.hundred
                   and not exists ( select 1 from tenk1 d
                                    where a.thousand = d.thousand ) );
 thousand 
----------
(0 rows)

set enable_nestloop =on;
SET
--
-- Check that nested sub-selects are not pulled up if they contain volatiles
--
explain (verbose, costs off)
  select x, x from
    (select (select now()) as x from (values(1),(2)) v(y)) ss;

explain (verbose, costs off)
  select x, x from
    (select (select random()) as x from (values(1),(2)) v(y)) ss;

explain (verbose, costs off)
  select x, x from
    (select (select now() where y=y) as x from (values(1),(2)) v(y)) ss;

explain (verbose, costs off)
  select x, x from
    (select (select random() where y=y) as x from (values(1),(2)) v(y)) ss;

--
-- Check we behave sanely in corner case of empty SELECT list (bug #8648)
--
create temp table nocolumns();
CREATE TABLE
select exists(select * from nocolumns);
 exists 
--------
 f
(1 row)

--
-- Check behavior with a SubPlan in VALUES (bug #14924)
--
select val.x
  from generate_series(1,10) as s(i),
  lateral (
    values ((select s.i + 1)), (s.i + 101)
  ) as val(x)
where s.i < 10 and (select val.x) < 110;
  x  
-----
   2
 102
   3
 103
   4
 104
   5
 105
   6
 106
   7
 107
   8
 108
   9
 109
  10
(17 rows)

--
-- Check sane behavior with nested IN SubLinks
--
explain (verbose, costs off)
select * from int4_tbl where
  (case when f1 in (select unique1 from tenk1 a) then f1 else null end) in
  (select ten from tenk1 b);

select * from int4_tbl where
  (case when f1 in (select unique1 from tenk1 a) then f1 else null end) in
  (select ten from tenk1 b);
 f1 
----
  0
(1 row)

--
-- Check for incorrect optimization when IN subquery contains a SRF
--
explain (verbose, costs off)
select * from int4_tbl o where (f1, f1) in
  (select f1, generate_series(1,2) / 10 g from int4_tbl i group by f1);

select * from int4_tbl o where (f1, f1) in
  (select f1, generate_series(1,2) / 10 g from int4_tbl i group by f1);
 f1 
----
  0
(1 row)

--
-- check for over-optimization of whole-row Var referencing an Append plan
--
select (select q from
         (select 1,2,3 where f1 > 0
          union all
          select 4,5,6.0 where f1 <= 0
         ) q )
from int4_tbl;
     q     
-----------
 (4,5,6.0)
 (1,2,3)
 (4,5,6.0)
 (1,2,3)
 (4,5,6.0)
(5 rows)

--
-- Check that volatile quals aren't pushed down past a DISTINCT:
-- nextval() should not be called more than the nominal number of times
--
create temp sequence ts1;
CREATE SEQUENCE
select * from
  (select distinct ten from tenk1) ss
  where ten < 10 + nextval('ts1')
  order by 1;
 ten 
-----
   0
   1
   2
   3
   4
   5
   6
   7
   8
   9
(10 rows)

select nextval('ts1');
 nextval 
---------
      11
(1 row)

--
-- Check that volatile quals aren't pushed down past a set-returning function;
-- while a nonvolatile qual can be, if it doesn't reference the SRF.
--
create function tattle(x int, y int) returns bool
volatile language plpgsql as $$
begin
  raise notice 'x = %, y = %', x, y;
  return x > y;
end$$;
CREATE FUNCTION
explain (verbose, costs off)
select * from
  (select 9 as x, unnest(array[1,2,3,11,12,13]) as u) ss
  where tattle(x, 8);

select * from
  (select 9 as x, unnest(array[1,2,3,11,12,13]) as u) ss
  where tattle(x, 8);
psql:sql/subselect.sql:539: NOTICE:  x = 9, y = 8
psql:sql/subselect.sql:539: NOTICE:  x = 9, y = 8
psql:sql/subselect.sql:539: NOTICE:  x = 9, y = 8
psql:sql/subselect.sql:539: NOTICE:  x = 9, y = 8
psql:sql/subselect.sql:539: NOTICE:  x = 9, y = 8
psql:sql/subselect.sql:539: NOTICE:  x = 9, y = 8
 x | u  
---+----
 9 |  1
 9 |  2
 9 |  3
 9 | 11
 9 | 12
 9 | 13
(6 rows)

-- if we pretend it's stable, we get different results:
alter function tattle(x int, y int) stable;
ALTER FUNCTION
explain (verbose, costs off)
select * from
  (select 9 as x, unnest(array[1,2,3,11,12,13]) as u) ss
  where tattle(x, 8);

select * from
  (select 9 as x, unnest(array[1,2,3,11,12,13]) as u) ss
  where tattle(x, 8);
psql:sql/subselect.sql:552: NOTICE:  x = 9, y = 8
 x | u  
---+----
 9 |  1
 9 |  2
 9 |  3
 9 | 11
 9 | 12
 9 | 13
(6 rows)

-- although even a stable qual should not be pushed down if it references SRF
explain (verbose, costs off)
select * from
  (select 9 as x, unnest(array[1,2,3,11,12,13]) as u) ss
  where tattle(x, u);

select * from
  (select 9 as x, unnest(array[1,2,3,11,12,13]) as u) ss
  where tattle(x, u);
psql:sql/subselect.sql:562: NOTICE:  x = 9, y = 1
psql:sql/subselect.sql:562: NOTICE:  x = 9, y = 2
psql:sql/subselect.sql:562: NOTICE:  x = 9, y = 3
psql:sql/subselect.sql:562: NOTICE:  x = 9, y = 11
psql:sql/subselect.sql:562: NOTICE:  x = 9, y = 12
psql:sql/subselect.sql:562: NOTICE:  x = 9, y = 13
 x | u 
---+---
 9 | 1
 9 | 2
 9 | 3
(3 rows)

drop function tattle(x int, y int);
DROP FUNCTION
--
-- Test that LIMIT can be pushed to SORT through a subquery that just projects
-- columns.  We check for that having happened by looking to see if EXPLAIN
-- ANALYZE shows that a top-N sort was used.  We must suppress or filter away
-- all the non-invariant parts of the EXPLAIN ANALYZE output.
--
create table sq_limit (pk int primary key, c1 int, c2 int);
CREATE TABLE
insert into sq_limit values
    (1, 1, 1),
    (2, 2, 2),
    (3, 3, 3),
    (4, 4, 4),
    (5, 1, 1),
    (6, 2, 2),
    (7, 3, 3),
    (8, 4, 4);
INSERT 0 8
create function explain_sq_limit() returns setof text language plpgsql as
$$
declare ln text;
begin
    for ln in
        explain (analyze, summary off, timing off, costs off)
        select * from (select pk,c2 from sq_limit order by c1,pk) as x limit 3
    loop
        ln = regexp_replace(ln, 'Memory: \S*',  'Memory: xxx');
        -- this case might occur if force_parallel_mode is on:
        ln = regexp_replace(ln, 'Worker 0:  Sort Method',  'Sort Method');
        return next ln;
    end loop;
end;
$$;
CREATE FUNCTION
select * from explain_sq_limit();

select * from (select pk,c2 from sq_limit order by c1,pk) as x limit 3;
 pk | c2 
----+----
  1 |  1
  5 |  1
  2 |  2
(3 rows)

drop function explain_sq_limit();
DROP FUNCTION
drop table sq_limit;
DROP TABLE
--
-- Ensure that backward scan direction isn't propagated into
-- expression subqueries (bug #15336)
--
begin;
BEGIN
declare c1 scroll cursor for
 select * from generate_series(1,4) i
  where i <> all (values (2),(3));
DECLARE CURSOR
move forward all in c1;
MOVE 2
fetch backward all in c1;
 i 
---
 4
 1
(2 rows)

commit;
COMMIT
