--
-- TIMETZ
--
DROP TABLE if exists TIMETZ_TBL;
psql:sql/timetz.sql:5: NOTICE:  table "timetz_tbl" does not exist, skipping
DROP TABLE
CREATE TABLE TIMETZ_TBL (f1 time(2) with time zone);
CREATE TABLE
INSERT INTO TIMETZ_TBL VALUES ('00:01 PDT');
INSERT 0 1
INSERT INTO TIMETZ_TBL VALUES ('01:00 PDT');
INSERT 0 1
INSERT INTO TIMETZ_TBL VALUES ('02:03 PDT');
INSERT 0 1
INSERT INTO TIMETZ_TBL VALUES ('07:07 PST');
INSERT 0 1
INSERT INTO TIMETZ_TBL VALUES ('08:08 EDT');
INSERT 0 1
INSERT INTO TIMETZ_TBL VALUES ('11:59 PDT');
INSERT 0 1
INSERT INTO TIMETZ_TBL VALUES ('12:00 PDT');
INSERT 0 1
INSERT INTO TIMETZ_TBL VALUES ('12:01 PDT');
INSERT 0 1
INSERT INTO TIMETZ_TBL VALUES ('23:59 PDT');
INSERT 0 1
INSERT INTO TIMETZ_TBL VALUES ('11:59:59.99 PM PDT');
INSERT 0 1
INSERT INTO TIMETZ_TBL VALUES ('2003-03-07 15:36:39 America/New_York');
INSERT 0 1
INSERT INTO TIMETZ_TBL VALUES ('2003-07-07 15:36:39 America/New_York');
INSERT 0 1
-- this should fail (the timezone offset is not known)
INSERT INTO TIMETZ_TBL VALUES ('15:36:39 America/New_York');
psql:sql/timetz.sql:22: ERROR:  invalid input syntax for type time with time zone: "15:36:39 America/New_York"
LINE 1: INSERT INTO TIMETZ_TBL VALUES ('15:36:39 America/New_York');
                                       ^
SELECT f1 AS "Time TZ" FROM TIMETZ_TBL;
    Time TZ     
----------------
 00:01:00+00
 01:00:00+00
 02:03:00+00
 07:07:00+00
 08:08:00+00
 11:59:00+00
 12:00:00+00
 12:01:00+00
 23:59:00+00
 23:59:59.99+00
 15:36:39+00
 15:36:39+00
(12 rows)

SELECT f1 AS "Three" FROM TIMETZ_TBL WHERE f1 < '05:06:07-07';
    Three    
-------------
 00:01:00+00
 01:00:00+00
 02:03:00+00
(3 rows)

SELECT f1 AS "Seven" FROM TIMETZ_TBL WHERE f1 > '05:06:07-07';
     Seven      
----------------
 07:07:00+00
 08:08:00+00
 11:59:00+00
 12:00:00+00
 12:01:00+00
 23:59:00+00
 23:59:59.99+00
 15:36:39+00
 15:36:39+00
(9 rows)

SELECT f1 AS "None" FROM TIMETZ_TBL WHERE f1 < '00:00-07';
 None 
------
(0 rows)

SELECT f1 AS "Ten" FROM TIMETZ_TBL WHERE f1 >= '00:00-07';
      Ten       
----------------
 00:01:00+00
 01:00:00+00
 02:03:00+00
 07:07:00+00
 08:08:00+00
 11:59:00+00
 12:00:00+00
 12:01:00+00
 23:59:00+00
 23:59:59.99+00
 15:36:39+00
 15:36:39+00
(12 rows)

--
-- TIME simple math
--
-- We now make a distinction between time and intervals,
-- and adding two times together makes no sense at all.
-- Leave in one query to show that it is rejected,
-- and do the rest of the testing in horology.sql
-- where we do mixed-type arithmetic. - thomas 2000-12-02
SELECT f1 + time with time zone '00:01' AS "Illegal" FROM TIMETZ_TBL;
psql:sql/timetz.sql:43: ERROR:  operator does not exist: time with time zone + time with time zone
LINE 1: SELECT f1 + time with time zone '00:01' AS "Illegal" FROM TI...
                  ^
HINT:  No operator matches the given name and argument types. You might need to add explicit type casts.
DROP TABLE TIMETZ_TBL;
DROP TABLE
